// Jest Snapshot v1, https://goo.gl/fbAQLP

exports[`renders correctly 1`] = `
<RCTSafeAreaView
  style={
    {
      "alignItems": "center",
      "flex": 1,
      "justifyContent": "center",
      "padding": 20,
    }
  }
>
  <View
    style={
      {
        "height": 1284,
        "padding": 20,
        "width": 750,
      }
    }
  >
    <View
      style={
        {
          "alignItems": "center",
          "borderColor": "rgba(103, 80, 164, 1)",
          "borderRadius": 20,
          "borderWidth": 1,
          "flexDirection": "row",
          "height": 60,
          "justifyContent": "flex-start",
          "paddingHorizontal": 20,
        }
      }
    >
      <Text
        allowFontScaling={false}
        selectable={false}
        style={
          [
            {
              "color": undefined,
              "fontSize": 36,
            },
            {
              "paddingRight": 20,
            },
            {
              "fontFamily": "Feather",
              "fontStyle": "normal",
              "fontWeight": "normal",
            },
            {},
          ]
        }
      >
        
      </Text>
      <View
        style={
          {
            "justifyContent": "space-evenly",
          }
        }
      >
        <Text
          style={
            {
              "fontSize": 18,
              "fontWeight": "700",
            }
          }
        >
          Where to?
        </Text>
        <View
          style={
            {
              "alignItems": "center",
              "flexDirection": "row",
              "justifyContent": "space-between",
            }
          }
        >
          <Text
            style={
              {
                "color": "grey",
              }
            }
          >
            Anywhere
          </Text>
          <Text
            allowFontScaling={false}
            selectable={false}
            style={
              [
                {
                  "color": undefined,
                  "fontSize": 12,
                },
                {
                  "marginHorizontal": 20,
                },
                {
                  "fontFamily": "Octicons",
                  "fontStyle": "normal",
                  "fontWeight": "normal",
                },
                {},
              ]
            }
          >
            
          </Text>
          <Text
            style={
              {
                "color": "grey",
              }
            }
          >
            Any week
          </Text>
          <Text
            allowFontScaling={false}
            selectable={false}
            style={
              [
                {
                  "color": undefined,
                  "fontSize": 12,
                },
                {
                  "marginHorizontal": 20,
                },
                {
                  "fontFamily": "Octicons",
                  "fontStyle": "normal",
                  "fontWeight": "normal",
                },
                {},
              ]
            }
          >
            
          </Text>
          <Text
            style={
              {
                "color": "grey",
              }
            }
          >
            Add guests
          </Text>
        </View>
      </View>
    </View>
    <RCTScrollView
      contentContainerStyle={
        {
          "flexDirection": "row",
        }
      }
      horizontal={true}
      showsHorizontalScrollIndicator={false}
      style={
        {
          "paddingVertical": 20,
        }
      }
    >
      <View>
        <View
          style={
            {
              "alignItems": "flex-start",
              "height": 60,
              "justifyContent": "center",
              "marginHorizontal": 10,
              "width": 60,
            }
          }
          testID="crib-item"
        >
          <View
            style={
              {
                "alignItems": "center",
                "justifyContent": "center",
              }
            }
          >
            <View
              testID="icon-0"
            >
              <Text
                allowFontScaling={false}
                selectable={false}
                style={
                  [
                    {
                      "color": "rgba(103, 80, 164, 1)",
                      "fontSize": 24,
                    },
                    undefined,
                    {
                      "fontFamily": "FontAwesome",
                      "fontStyle": "normal",
                      "fontWeight": "normal",
                    },
                    {},
                  ]
                }
              >
                
              </Text>
            </View>
            <Text
              style={
                {
                  "fontSize": 10,
                  "marginTop": 5,
                }
              }
              testID="title-0"
            >
              Iconic
            </Text>
          </View>
        </View>
        <View
          style={
            {
              "alignItems": "flex-start",
              "height": 60,
              "justifyContent": "center",
              "marginHorizontal": 10,
              "width": 60,
            }
          }
          testID="crib-item"
        >
          <View
            style={
              {
                "alignItems": "center",
                "justifyContent": "center",
              }
            }
          >
            <View
              testID="icon-2"
            >
              <Text
                allowFontScaling={false}
                selectable={false}
                style={
                  [
                    {
                      "color": "rgba(103, 80, 164, 1)",
                      "fontSize": 24,
                    },
                    undefined,
                    {
                      "fontFamily": "Material Icons",
                      "fontStyle": "normal",
                      "fontWeight": "normal",
                    },
                    {},
                  ]
                }
              >
                
              </Text>
            </View>
            <Text
              style={
                {
                  "fontSize": 10,
                  "marginTop": 5,
                }
              }
              testID="title-2"
            >
              Cabins
            </Text>
          </View>
        </View>
        <View
          style={
            {
              "alignItems": "flex-start",
              "height": 60,
              "justifyContent": "center",
              "marginHorizontal": 10,
              "width": 60,
            }
          }
          testID="crib-item"
        >
          <View
            style={
              {
                "alignItems": "center",
                "justifyContent": "center",
              }
            }
          >
            <View
              testID="icon-3"
            >
              <Text
                allowFontScaling={false}
                selectable={false}
                style={
                  [
                    {
                      "color": "rgba(103, 80, 164, 1)",
                      "fontSize": 24,
                    },
                    undefined,
                    {
                      "fontFamily": "FontAwesome5Free-Solid",
                      "fontStyle": "normal",
                      "fontWeight": "normal",
                    },
                    {
                      "fontWeight": "900",
                    },
                  ]
                }
              >
                
              </Text>
            </View>
            <Text
              style={
                {
                  "fontSize": 10,
                  "marginTop": 5,
                }
              }
              testID="title-3"
            >
              OMG!
            </Text>
          </View>
        </View>
        <View
          style={
            {
              "alignItems": "flex-start",
              "height": 60,
              "justifyContent": "center",
              "marginHorizontal": 10,
              "width": 60,
            }
          }
          testID="crib-item"
        >
          <View
            style={
              {
                "alignItems": "center",
                "justifyContent": "center",
              }
            }
          >
            <View
              testID="icon-4"
            >
              <Text
                allowFontScaling={false}
                selectable={false}
                style={
                  [
                    {
                      "color": "rgba(103, 80, 164, 1)",
                      "fontSize": 24,
                    },
                    undefined,
                    {
                      "fontFamily": "Material Design Icons",
                      "fontStyle": "normal",
                      "fontWeight": "normal",
                    },
                    {},
                  ]
                }
              >
                󱊠
              </Text>
            </View>
            <Text
              style={
                {
                  "fontSize": 10,
                  "marginTop": 5,
                }
              }
              testID="title-4"
            >
              Beach front
            </Text>
          </View>
        </View>
        <View
          style={
            {
              "alignItems": "flex-start",
              "height": 60,
              "justifyContent": "center",
              "marginHorizontal": 10,
              "width": 60,
            }
          }
          testID="crib-item"
        >
          <View
            style={
              {
                "alignItems": "center",
                "justifyContent": "center",
              }
            }
          >
            <View
              testID="icon-5"
            >
              <Text
                allowFontScaling={false}
                selectable={false}
                style={
                  [
                    {
                      "color": "rgba(103, 80, 164, 1)",
                      "fontSize": 24,
                    },
                    undefined,
                    {
                      "fontFamily": "Material Icons",
                      "fontStyle": "normal",
                      "fontWeight": "normal",
                    },
                    {},
                  ]
                }
              >
                
              </Text>
            </View>
            <Text
              style={
                {
                  "fontSize": 10,
                  "marginTop": 5,
                }
              }
              testID="title-5"
            >
              Tiny homes
            </Text>
          </View>
        </View>
        <View
          style={
            {
              "alignItems": "flex-start",
              "height": 60,
              "justifyContent": "center",
              "marginHorizontal": 10,
              "width": 60,
            }
          }
          testID="crib-item"
        >
          <View
            style={
              {
                "alignItems": "center",
                "justifyContent": "center",
              }
            }
          >
            <View
              testID="icon-6"
            >
              <Text
                allowFontScaling={false}
                selectable={false}
                style={
                  [
                    {
                      "color": "rgba(103, 80, 164, 1)",
                      "fontSize": 24,
                    },
                    undefined,
                    {
                      "fontFamily": "Material Design Icons",
                      "fontStyle": "normal",
                      "fontWeight": "normal",
                    },
                    {},
                  ]
                }
              >
                󰼪
              </Text>
            </View>
            <Text
              style={
                {
                  "fontSize": 10,
                  "marginTop": 5,
                }
              }
              testID="title-6"
            >
              Lake fron
            </Text>
          </View>
        </View>
        <View
          style={
            {
              "alignItems": "flex-start",
              "height": 60,
              "justifyContent": "center",
              "marginHorizontal": 10,
              "width": 60,
            }
          }
          testID="crib-item"
        >
          <View
            style={
              {
                "alignItems": "center",
                "justifyContent": "center",
              }
            }
          >
            <View
              testID="icon-7"
            >
              <Text
                allowFontScaling={false}
                selectable={false}
                style={
                  [
                    {
                      "color": "rgba(103, 80, 164, 1)",
                      "fontSize": 24,
                    },
                    undefined,
                    {
                      "fontFamily": "FontAwesome6Free-Solid",
                      "fontStyle": "normal",
                      "fontWeight": "normal",
                    },
                    {
                      "fontWeight": "900",
                    },
                  ]
                }
              >
                
              </Text>
            </View>
            <Text
              style={
                {
                  "fontSize": 10,
                  "marginTop": 5,
                }
              }
              testID="title-7"
            >
              Luxury
            </Text>
          </View>
        </View>
        <View
          style={
            {
              "alignItems": "flex-start",
              "height": 60,
              "justifyContent": "center",
              "marginHorizontal": 10,
              "width": 60,
            }
          }
          testID="crib-item"
        >
          <View
            style={
              {
                "alignItems": "center",
                "justifyContent": "center",
              }
            }
          >
            <View
              testID="icon-8"
            >
              <Text
                allowFontScaling={false}
                selectable={false}
                style={
                  [
                    {
                      "color": "rgba(103, 80, 164, 1)",
                      "fontSize": 24,
                    },
                    undefined,
                    {
                      "fontFamily": "Material Design Icons",
                      "fontStyle": "normal",
                      "fontWeight": "normal",
                    },
                    {},
                  ]
                }
              >
                󰨀
              </Text>
            </View>
            <Text
              style={
                {
                  "fontSize": 10,
                  "marginTop": 5,
                }
              }
              testID="title-8"
            >
              Amazing
            </Text>
          </View>
        </View>
        <View
          style={
            {
              "alignItems": "flex-start",
              "height": 60,
              "justifyContent": "center",
              "marginHorizontal": 10,
              "width": 60,
            }
          }
          testID="crib-item"
        >
          <View
            style={
              {
                "alignItems": "center",
                "justifyContent": "center",
              }
            }
          >
            <View
              testID="icon-9"
            >
              <Text
                allowFontScaling={false}
                selectable={false}
                style={
                  [
                    {
                      "color": "rgba(103, 80, 164, 1)",
                      "fontSize": 24,
                    },
                    undefined,
                    {
                      "fontFamily": "fontcustom",
                      "fontStyle": "normal",
                      "fontWeight": "normal",
                    },
                    {},
                  ]
                }
              >
                
              </Text>
            </View>
            <Text
              style={
                {
                  "fontSize": 10,
                  "marginTop": 5,
                }
              }
              testID="title-9"
            >
              Tree houses
            </Text>
          </View>
        </View>
        <View
          style={
            {
              "alignItems": "flex-start",
              "height": 60,
              "justifyContent": "center",
              "marginHorizontal": 10,
              "width": 60,
            }
          }
          testID="crib-item"
        >
          <View
            style={
              {
                "alignItems": "center",
                "justifyContent": "center",
              }
            }
          >
            <View
              testID="icon-10"
            >
              <Text
                allowFontScaling={false}
                selectable={false}
                style={
                  [
                    {
                      "color": "rgba(103, 80, 164, 1)",
                      "fontSize": 24,
                    },
                    undefined,
                    {
                      "fontFamily": "Material Icons",
                      "fontStyle": "normal",
                      "fontWeight": "normal",
                    },
                    {},
                  ]
                }
              >
                
              </Text>
            </View>
            <Text
              style={
                {
                  "fontSize": 10,
                  "marginTop": 5,
                }
              }
              testID="title-10"
            >
              Castles
            </Text>
          </View>
        </View>
        <View
          style={
            {
              "alignItems": "flex-start",
              "height": 60,
              "justifyContent": "center",
              "marginHorizontal": 10,
              "width": 60,
            }
          }
          testID="crib-item"
        >
          <View
            style={
              {
                "alignItems": "center",
                "justifyContent": "center",
              }
            }
          >
            <View
              testID="icon-11"
            >
              <Text
                allowFontScaling={false}
                selectable={false}
                style={
                  [
                    {
                      "color": "rgba(103, 80, 164, 1)",
                      "fontSize": 24,
                    },
                    undefined,
                    {
                      "fontFamily": "Material Design Icons",
                      "fontStyle": "normal",
                      "fontWeight": "normal",
                    },
                    {},
                  ]
                }
              >
                󱢭
              </Text>
            </View>
            <Text
              style={
                {
                  "fontSize": 10,
                  "marginTop": 5,
                }
              }
              testID="title-11"
            >
              Play homes
            </Text>
          </View>
        </View>
      </View>
    </RCTScrollView>
    <View>
      <View
        testID="stay-component"
      >
        <Text>
          Madrid, Spain
        </Text>
        <RCTScrollView
          data={
            [
              "https://res.cloudinary.com/dtxze8vwn/image/upload/v1677939722/upload/jkhkqk8c0zk5nl7znpvj.jpg",
              "https://res.cloudinary.com/dtxze8vwn/image/upload/v1677939722/upload/prdqkq3ccdp34srxeu5m.jpg",
              "https://res.cloudinary.com/dtxze8vwn/image/upload/v1677938896/upload/xn3fkin9o1bexstjsjxo.webp",
              "https://res.cloudinary.com/dtxze8vwn/image/upload/v1677938895/upload/yk36xc9txpamhheuxqh2.webp",
              "https://res.cloudinary.com/dtxze8vwn/image/upload/v1661101218/samples/people/bicycle.jpg",
            ]
          }
          getItem={[Function]}
          getItemCount={[Function]}
          horizontal={true}
          keyExtractor={[Function]}
          onContentSizeChange={[Function]}
          onLayout={[Function]}
          onMomentumScrollBegin={[Function]}
          onMomentumScrollEnd={[Function]}
          onScroll={[Function]}
          onScrollBeginDrag={[Function]}
          onScrollEndDrag={[Function]}
          pagingEnabled={true}
          removeClippedSubviews={false}
          renderItem={[Function]}
          scrollEventThrottle={16}
          stickyHeaderIndices={[]}
          testID="image-scroll-0"
          viewabilityConfigCallbackPairs={[]}
        >
          <View>
            <View
              onFocusCapture={[Function]}
              onLayout={[Function]}
              style={
                [
                  {
                    "flexDirection": "row",
                  },
                  null,
                ]
              }
            >
              <View
                style={
                  {
                    "width": 750,
                  }
                }
              >
                <Text>
                  Image 
                  1
                </Text>
              </View>
            </View>
            <View
              onFocusCapture={[Function]}
              onLayout={[Function]}
              style={
                [
                  {
                    "flexDirection": "row",
                  },
                  null,
                ]
              }
            >
              <View
                style={
                  {
                    "width": 750,
                  }
                }
              >
                <Text>
                  Image 
                  2
                </Text>
              </View>
            </View>
            <View
              onFocusCapture={[Function]}
              onLayout={[Function]}
              style={
                [
                  {
                    "flexDirection": "row",
                  },
                  null,
                ]
              }
            >
              <View
                style={
                  {
                    "width": 750,
                  }
                }
              >
                <Text>
                  Image 
                  3
                </Text>
              </View>
            </View>
            <View
              onFocusCapture={[Function]}
              onLayout={[Function]}
              style={
                [
                  {
                    "flexDirection": "row",
                  },
                  null,
                ]
              }
            >
              <View
                style={
                  {
                    "width": 750,
                  }
                }
              >
                <Text>
                  Image 
                  4
                </Text>
              </View>
            </View>
            <View
              onFocusCapture={[Function]}
              onLayout={[Function]}
              style={
                [
                  {
                    "flexDirection": "row",
                  },
                  null,
                ]
              }
            >
              <View
                style={
                  {
                    "width": 750,
                  }
                }
              >
                <Text>
                  Image 
                  5
                </Text>
              </View>
            </View>
          </View>
        </RCTScrollView>
        <View
          accessibilityState={
            {
              "busy": undefined,
              "checked": undefined,
              "disabled": undefined,
              "expanded": undefined,
              "selected": undefined,
            }
          }
          accessibilityValue={
            {
              "max": undefined,
              "min": undefined,
              "now": undefined,
              "text": undefined,
            }
          }
          accessible={true}
          collapsable={false}
          focusable={true}
          onClick={[Function]}
          onResponderGrant={[Function]}
          onResponderMove={[Function]}
          onResponderRelease={[Function]}
          onResponderTerminate={[Function]}
          onResponderTerminationRequest={[Function]}
          onStartShouldSetResponder={[Function]}
          style={
            {
              "opacity": 1,
            }
          }
          testID="favorite-button-0"
        >
          <Text>
            Favorite
          </Text>
        </View>
      </View>
      <View
        testID="stay-component"
      >
        <Text>
          Geneva, Switzerland
        </Text>
        <RCTScrollView
          data={
            [
              "https://res.cloudinary.com/dtxze8vwn/image/upload/v1677939722/upload/prdqkq3ccdp34srxeu5m.jpg",
              "https://res.cloudinary.com/dtxze8vwn/image/upload/v1677939722/upload/ci9iwb8aoezzro1desld.jpg",
              "https://res.cloudinary.com/dtxze8vwn/image/upload/v1677938896/upload/m6q1hovlweat1zvb5sf6.webp",
              "https://res.cloudinary.com/dtxze8vwn/image/upload/v1677938895/upload/edtalg3eyh1mghn2qf1j.webp",
              "https://res.cloudinary.com/dtxze8vwn/image/upload/v1661101233/cld-sample-2.jpg",
            ]
          }
          getItem={[Function]}
          getItemCount={[Function]}
          horizontal={true}
          keyExtractor={[Function]}
          onContentSizeChange={[Function]}
          onLayout={[Function]}
          onMomentumScrollBegin={[Function]}
          onMomentumScrollEnd={[Function]}
          onScroll={[Function]}
          onScrollBeginDrag={[Function]}
          onScrollEndDrag={[Function]}
          pagingEnabled={true}
          removeClippedSubviews={false}
          renderItem={[Function]}
          scrollEventThrottle={16}
          stickyHeaderIndices={[]}
          testID="image-scroll-1"
          viewabilityConfigCallbackPairs={[]}
        >
          <View>
            <View
              onFocusCapture={[Function]}
              onLayout={[Function]}
              style={
                [
                  {
                    "flexDirection": "row",
                  },
                  null,
                ]
              }
            >
              <View
                style={
                  {
                    "width": 750,
                  }
                }
              >
                <Text>
                  Image 
                  1
                </Text>
              </View>
            </View>
            <View
              onFocusCapture={[Function]}
              onLayout={[Function]}
              style={
                [
                  {
                    "flexDirection": "row",
                  },
                  null,
                ]
              }
            >
              <View
                style={
                  {
                    "width": 750,
                  }
                }
              >
                <Text>
                  Image 
                  2
                </Text>
              </View>
            </View>
            <View
              onFocusCapture={[Function]}
              onLayout={[Function]}
              style={
                [
                  {
                    "flexDirection": "row",
                  },
                  null,
                ]
              }
            >
              <View
                style={
                  {
                    "width": 750,
                  }
                }
              >
                <Text>
                  Image 
                  3
                </Text>
              </View>
            </View>
            <View
              onFocusCapture={[Function]}
              onLayout={[Function]}
              style={
                [
                  {
                    "flexDirection": "row",
                  },
                  null,
                ]
              }
            >
              <View
                style={
                  {
                    "width": 750,
                  }
                }
              >
                <Text>
                  Image 
                  4
                </Text>
              </View>
            </View>
            <View
              onFocusCapture={[Function]}
              onLayout={[Function]}
              style={
                [
                  {
                    "flexDirection": "row",
                  },
                  null,
                ]
              }
            >
              <View
                style={
                  {
                    "width": 750,
                  }
                }
              >
                <Text>
                  Image 
                  5
                </Text>
              </View>
            </View>
          </View>
        </RCTScrollView>
        <View
          accessibilityState={
            {
              "busy": undefined,
              "checked": undefined,
              "disabled": undefined,
              "expanded": undefined,
              "selected": undefined,
            }
          }
          accessibilityValue={
            {
              "max": undefined,
              "min": undefined,
              "now": undefined,
              "text": undefined,
            }
          }
          accessible={true}
          collapsable={false}
          focusable={true}
          onClick={[Function]}
          onResponderGrant={[Function]}
          onResponderMove={[Function]}
          onResponderRelease={[Function]}
          onResponderTerminate={[Function]}
          onResponderTerminationRequest={[Function]}
          onStartShouldSetResponder={[Function]}
          style={
            {
              "opacity": 1,
            }
          }
          testID="favorite-button-1"
        >
          <Text>
            Favorite
          </Text>
        </View>
      </View>
      <View
        testID="stay-component"
      >
        <Text>
          New York, USA
        </Text>
        <RCTScrollView
          data={
            [
              "https://res.cloudinary.com/dtxze8vwn/image/upload/v1677939722/upload/ci9iwb8aoezzro1desld.jpg",
              "https://res.cloudinary.com/dtxze8vwn/image/upload/v1677939722/upload/riyqfbjc8ij8ctyb40il.jpg",
              "https://res.cloudinary.com/dtxze8vwn/image/upload/v1677938896/upload/wwlqxyvaj7x93m1qbows.webp",
              "https://res.cloudinary.com/dtxze8vwn/image/upload/v1677938896/upload/fyenbpclzhxy9n4zsglt.webp",
              "https://res.cloudinary.com/dtxze8vwn/image/upload/v1661166924/upload/gtp8mtrpkurqbmpat2ce.jpg",
            ]
          }
          getItem={[Function]}
          getItemCount={[Function]}
          horizontal={true}
          keyExtractor={[Function]}
          onContentSizeChange={[Function]}
          onLayout={[Function]}
          onMomentumScrollBegin={[Function]}
          onMomentumScrollEnd={[Function]}
          onScroll={[Function]}
          onScrollBeginDrag={[Function]}
          onScrollEndDrag={[Function]}
          pagingEnabled={true}
          removeClippedSubviews={false}
          renderItem={[Function]}
          scrollEventThrottle={16}
          stickyHeaderIndices={[]}
          testID="image-scroll-2"
          viewabilityConfigCallbackPairs={[]}
        >
          <View>
            <View
              onFocusCapture={[Function]}
              onLayout={[Function]}
              style={
                [
                  {
                    "flexDirection": "row",
                  },
                  null,
                ]
              }
            >
              <View
                style={
                  {
                    "width": 750,
                  }
                }
              >
                <Text>
                  Image 
                  1
                </Text>
              </View>
            </View>
            <View
              onFocusCapture={[Function]}
              onLayout={[Function]}
              style={
                [
                  {
                    "flexDirection": "row",
                  },
                  null,
                ]
              }
            >
              <View
                style={
                  {
                    "width": 750,
                  }
                }
              >
                <Text>
                  Image 
                  2
                </Text>
              </View>
            </View>
            <View
              onFocusCapture={[Function]}
              onLayout={[Function]}
              style={
                [
                  {
                    "flexDirection": "row",
                  },
                  null,
                ]
              }
            >
              <View
                style={
                  {
                    "width": 750,
                  }
                }
              >
                <Text>
                  Image 
                  3
                </Text>
              </View>
            </View>
            <View
              onFocusCapture={[Function]}
              onLayout={[Function]}
              style={
                [
                  {
                    "flexDirection": "row",
                  },
                  null,
                ]
              }
            >
              <View
                style={
                  {
                    "width": 750,
                  }
                }
              >
                <Text>
                  Image 
                  4
                </Text>
              </View>
            </View>
            <View
              onFocusCapture={[Function]}
              onLayout={[Function]}
              style={
                [
                  {
                    "flexDirection": "row",
                  },
                  null,
                ]
              }
            >
              <View
                style={
                  {
                    "width": 750,
                  }
                }
              >
                <Text>
                  Image 
                  5
                </Text>
              </View>
            </View>
          </View>
        </RCTScrollView>
        <View
          accessibilityState={
            {
              "busy": undefined,
              "checked": undefined,
              "disabled": undefined,
              "expanded": undefined,
              "selected": undefined,
            }
          }
          accessibilityValue={
            {
              "max": undefined,
              "min": undefined,
              "now": undefined,
              "text": undefined,
            }
          }
          accessible={true}
          collapsable={false}
          focusable={true}
          onClick={[Function]}
          onResponderGrant={[Function]}
          onResponderMove={[Function]}
          onResponderRelease={[Function]}
          onResponderTerminate={[Function]}
          onResponderTerminationRequest={[Function]}
          onStartShouldSetResponder={[Function]}
          style={
            {
              "opacity": 1,
            }
          }
          testID="favorite-button-2"
        >
          <Text>
            Favorite
          </Text>
        </View>
      </View>
      <View
        testID="stay-component"
      >
        <Text>
          Sydney, Australia
        </Text>
        <RCTScrollView
          data={
            [
              "https://res.cloudinary.com/dtxze8vwn/image/upload/v1677939722/upload/riyqfbjc8ij8ctyb40il.jpg",
              "https://res.cloudinary.com/dtxze8vwn/image/upload/v1677939722/upload/xy8p2xcamrphkjlm4lia.jpg",
              "https://res.cloudinary.com/dtxze8vwn/image/upload/v1677938895/upload/ognjk7gfqkxhhym9fu8b.webp",
              "https://res.cloudinary.com/dtxze8vwn/image/upload/v1677938895/upload/atenel1fqmexaomvalpz.webp",
              "https://res.cloudinary.com/dtxze8vwn/image/upload/v1661166924/upload/hz9g53mahbzmtlqlkhnq.jpg",
            ]
          }
          getItem={[Function]}
          getItemCount={[Function]}
          horizontal={true}
          keyExtractor={[Function]}
          onContentSizeChange={[Function]}
          onLayout={[Function]}
          onMomentumScrollBegin={[Function]}
          onMomentumScrollEnd={[Function]}
          onScroll={[Function]}
          onScrollBeginDrag={[Function]}
          onScrollEndDrag={[Function]}
          pagingEnabled={true}
          removeClippedSubviews={false}
          renderItem={[Function]}
          scrollEventThrottle={16}
          stickyHeaderIndices={[]}
          testID="image-scroll-3"
          viewabilityConfigCallbackPairs={[]}
        >
          <View>
            <View
              onFocusCapture={[Function]}
              onLayout={[Function]}
              style={
                [
                  {
                    "flexDirection": "row",
                  },
                  null,
                ]
              }
            >
              <View
                style={
                  {
                    "width": 750,
                  }
                }
              >
                <Text>
                  Image 
                  1
                </Text>
              </View>
            </View>
            <View
              onFocusCapture={[Function]}
              onLayout={[Function]}
              style={
                [
                  {
                    "flexDirection": "row",
                  },
                  null,
                ]
              }
            >
              <View
                style={
                  {
                    "width": 750,
                  }
                }
              >
                <Text>
                  Image 
                  2
                </Text>
              </View>
            </View>
            <View
              onFocusCapture={[Function]}
              onLayout={[Function]}
              style={
                [
                  {
                    "flexDirection": "row",
                  },
                  null,
                ]
              }
            >
              <View
                style={
                  {
                    "width": 750,
                  }
                }
              >
                <Text>
                  Image 
                  3
                </Text>
              </View>
            </View>
            <View
              onFocusCapture={[Function]}
              onLayout={[Function]}
              style={
                [
                  {
                    "flexDirection": "row",
                  },
                  null,
                ]
              }
            >
              <View
                style={
                  {
                    "width": 750,
                  }
                }
              >
                <Text>
                  Image 
                  4
                </Text>
              </View>
            </View>
            <View
              onFocusCapture={[Function]}
              onLayout={[Function]}
              style={
                [
                  {
                    "flexDirection": "row",
                  },
                  null,
                ]
              }
            >
              <View
                style={
                  {
                    "width": 750,
                  }
                }
              >
                <Text>
                  Image 
                  5
                </Text>
              </View>
            </View>
          </View>
        </RCTScrollView>
        <View
          accessibilityState={
            {
              "busy": undefined,
              "checked": undefined,
              "disabled": undefined,
              "expanded": undefined,
              "selected": undefined,
            }
          }
          accessibilityValue={
            {
              "max": undefined,
              "min": undefined,
              "now": undefined,
              "text": undefined,
            }
          }
          accessible={true}
          collapsable={false}
          focusable={true}
          onClick={[Function]}
          onResponderGrant={[Function]}
          onResponderMove={[Function]}
          onResponderRelease={[Function]}
          onResponderTerminate={[Function]}
          onResponderTerminationRequest={[Function]}
          onStartShouldSetResponder={[Function]}
          style={
            {
              "opacity": 1,
            }
          }
          testID="favorite-button-3"
        >
          <Text>
            Favorite
          </Text>
        </View>
      </View>
      <View
        testID="stay-component"
      >
        <Text>
          Lyon, France
        </Text>
        <RCTScrollView
          data={
            [
              "https://res.cloudinary.com/dtxze8vwn/image/upload/v1677938895/upload/pfpit6mcoe798hh3r8pf.webp",
              "https://res.cloudinary.com/dtxze8vwn/image/upload/v1677938896/upload/sxsgl4vhvteunu8ysirx.jpg",
              "https://res.cloudinary.com/dtxze8vwn/image/upload/v1677938895/upload/eocmtcw0gzlloomdpvtq.webp",
              "https://res.cloudinary.com/dtxze8vwn/image/upload/v1661166925/upload/sybd81znehoya0kyfksr.jpg",
              "https://res.cloudinary.com/dtxze8vwn/image/upload/v1677939722/upload/oib9btodfulkeedx1waq.jpg",
            ]
          }
          getItem={[Function]}
          getItemCount={[Function]}
          horizontal={true}
          keyExtractor={[Function]}
          onContentSizeChange={[Function]}
          onLayout={[Function]}
          onMomentumScrollBegin={[Function]}
          onMomentumScrollEnd={[Function]}
          onScroll={[Function]}
          onScrollBeginDrag={[Function]}
          onScrollEndDrag={[Function]}
          pagingEnabled={true}
          removeClippedSubviews={false}
          renderItem={[Function]}
          scrollEventThrottle={16}
          stickyHeaderIndices={[]}
          testID="image-scroll-4"
          viewabilityConfigCallbackPairs={[]}
        >
          <View>
            <View
              onFocusCapture={[Function]}
              onLayout={[Function]}
              style={
                [
                  {
                    "flexDirection": "row",
                  },
                  null,
                ]
              }
            >
              <View
                style={
                  {
                    "width": 750,
                  }
                }
              >
                <Text>
                  Image 
                  1
                </Text>
              </View>
            </View>
            <View
              onFocusCapture={[Function]}
              onLayout={[Function]}
              style={
                [
                  {
                    "flexDirection": "row",
                  },
                  null,
                ]
              }
            >
              <View
                style={
                  {
                    "width": 750,
                  }
                }
              >
                <Text>
                  Image 
                  2
                </Text>
              </View>
            </View>
            <View
              onFocusCapture={[Function]}
              onLayout={[Function]}
              style={
                [
                  {
                    "flexDirection": "row",
                  },
                  null,
                ]
              }
            >
              <View
                style={
                  {
                    "width": 750,
                  }
                }
              >
                <Text>
                  Image 
                  3
                </Text>
              </View>
            </View>
            <View
              onFocusCapture={[Function]}
              onLayout={[Function]}
              style={
                [
                  {
                    "flexDirection": "row",
                  },
                  null,
                ]
              }
            >
              <View
                style={
                  {
                    "width": 750,
                  }
                }
              >
                <Text>
                  Image 
                  4
                </Text>
              </View>
            </View>
            <View
              onFocusCapture={[Function]}
              onLayout={[Function]}
              style={
                [
                  {
                    "flexDirection": "row",
                  },
                  null,
                ]
              }
            >
              <View
                style={
                  {
                    "width": 750,
                  }
                }
              >
                <Text>
                  Image 
                  5
                </Text>
              </View>
            </View>
          </View>
        </RCTScrollView>
        <View
          accessibilityState={
            {
              "busy": undefined,
              "checked": undefined,
              "disabled": undefined,
              "expanded": undefined,
              "selected": undefined,
            }
          }
          accessibilityValue={
            {
              "max": undefined,
              "min": undefined,
              "now": undefined,
              "text": undefined,
            }
          }
          accessible={true}
          collapsable={false}
          focusable={true}
          onClick={[Function]}
          onResponderGrant={[Function]}
          onResponderMove={[Function]}
          onResponderRelease={[Function]}
          onResponderTerminate={[Function]}
          onResponderTerminationRequest={[Function]}
          onStartShouldSetResponder={[Function]}
          style={
            {
              "opacity": 1,
            }
          }
          testID="favorite-button-4"
        >
          <Text>
            Favorite
          </Text>
        </View>
      </View>
      <View
        testID="stay-component"
      >
        <Text>
          Rabat, Morocco
        </Text>
        <RCTScrollView
          data={
            [
              "https://res.cloudinary.com/dtxze8vwn/image/upload/v1677938896/upload/xn3fkin9o1bexstjsjxo.webp",
              "https://res.cloudinary.com/dtxze8vwn/image/upload/v1677939722/upload/xy8p2xcamrphkjlm4lia.jpg",
              "https://res.cloudinary.com/dtxze8vwn/image/upload/v1677938895/upload/fyenbpclzhxy9n4zsglt.webp",
              "https://res.cloudinary.com/dtxze8vwn/image/upload/v1677939722/upload/jkhkqk8c0zk5nl7znpvj.jpg",
              "https://res.cloudinary.com/dtxze8vwn/image/upload/v1661166925/upload/sybd81znehoya0kyfksr.jpg",
            ]
          }
          getItem={[Function]}
          getItemCount={[Function]}
          horizontal={true}
          keyExtractor={[Function]}
          onContentSizeChange={[Function]}
          onLayout={[Function]}
          onMomentumScrollBegin={[Function]}
          onMomentumScrollEnd={[Function]}
          onScroll={[Function]}
          onScrollBeginDrag={[Function]}
          onScrollEndDrag={[Function]}
          pagingEnabled={true}
          removeClippedSubviews={false}
          renderItem={[Function]}
          scrollEventThrottle={16}
          stickyHeaderIndices={[]}
          testID="image-scroll-5"
          viewabilityConfigCallbackPairs={[]}
        >
          <View>
            <View
              onFocusCapture={[Function]}
              onLayout={[Function]}
              style={
                [
                  {
                    "flexDirection": "row",
                  },
                  null,
                ]
              }
            >
              <View
                style={
                  {
                    "width": 750,
                  }
                }
              >
                <Text>
                  Image 
                  1
                </Text>
              </View>
            </View>
            <View
              onFocusCapture={[Function]}
              onLayout={[Function]}
              style={
                [
                  {
                    "flexDirection": "row",
                  },
                  null,
                ]
              }
            >
              <View
                style={
                  {
                    "width": 750,
                  }
                }
              >
                <Text>
                  Image 
                  2
                </Text>
              </View>
            </View>
            <View
              onFocusCapture={[Function]}
              onLayout={[Function]}
              style={
                [
                  {
                    "flexDirection": "row",
                  },
                  null,
                ]
              }
            >
              <View
                style={
                  {
                    "width": 750,
                  }
                }
              >
                <Text>
                  Image 
                  3
                </Text>
              </View>
            </View>
            <View
              onFocusCapture={[Function]}
              onLayout={[Function]}
              style={
                [
                  {
                    "flexDirection": "row",
                  },
                  null,
                ]
              }
            >
              <View
                style={
                  {
                    "width": 750,
                  }
                }
              >
                <Text>
                  Image 
                  4
                </Text>
              </View>
            </View>
            <View
              onFocusCapture={[Function]}
              onLayout={[Function]}
              style={
                [
                  {
                    "flexDirection": "row",
                  },
                  null,
                ]
              }
            >
              <View
                style={
                  {
                    "width": 750,
                  }
                }
              >
                <Text>
                  Image 
                  5
                </Text>
              </View>
            </View>
          </View>
        </RCTScrollView>
        <View
          accessibilityState={
            {
              "busy": undefined,
              "checked": undefined,
              "disabled": undefined,
              "expanded": undefined,
              "selected": undefined,
            }
          }
          accessibilityValue={
            {
              "max": undefined,
              "min": undefined,
              "now": undefined,
              "text": undefined,
            }
          }
          accessible={true}
          collapsable={false}
          focusable={true}
          onClick={[Function]}
          onResponderGrant={[Function]}
          onResponderMove={[Function]}
          onResponderRelease={[Function]}
          onResponderTerminate={[Function]}
          onResponderTerminationRequest={[Function]}
          onStartShouldSetResponder={[Function]}
          style={
            {
              "opacity": 1,
            }
          }
          testID="favorite-button-5"
        >
          <Text>
            Favorite
          </Text>
        </View>
      </View>
      <View
        testID="stay-component"
      >
        <Text>
          Alberta, Canada
        </Text>
        <RCTScrollView
          data={
            [
              "https://res.cloudinary.com/dtxze8vwn/image/upload/v1677938895/upload/fprrj8wzft22gsybsusz.webp",
              "https://res.cloudinary.com/dtxze8vwn/image/upload/v1677939722/upload/prdqkq3ccdp34srxeu5m.jpg",
              "https://res.cloudinary.com/dtxze8vwn/image/upload/v1677938896/upload/xn3fkin9o1bexstjsjxo.webp",
              "https://res.cloudinary.com/dtxze8vwn/image/upload/v1677938895/upload/eocmtcw0gzlloomdpvtq.webp",
              "https://res.cloudinary.com/dtxze8vwn/image/upload/v1677938896/upload/sxsgl4vhvteunu8ysirx.jpg",
            ]
          }
          getItem={[Function]}
          getItemCount={[Function]}
          horizontal={true}
          keyExtractor={[Function]}
          onContentSizeChange={[Function]}
          onLayout={[Function]}
          onMomentumScrollBegin={[Function]}
          onMomentumScrollEnd={[Function]}
          onScroll={[Function]}
          onScrollBeginDrag={[Function]}
          onScrollEndDrag={[Function]}
          pagingEnabled={true}
          removeClippedSubviews={false}
          renderItem={[Function]}
          scrollEventThrottle={16}
          stickyHeaderIndices={[]}
          testID="image-scroll-6"
          viewabilityConfigCallbackPairs={[]}
        >
          <View>
            <View
              onFocusCapture={[Function]}
              onLayout={[Function]}
              style={
                [
                  {
                    "flexDirection": "row",
                  },
                  null,
                ]
              }
            >
              <View
                style={
                  {
                    "width": 750,
                  }
                }
              >
                <Text>
                  Image 
                  1
                </Text>
              </View>
            </View>
            <View
              onFocusCapture={[Function]}
              onLayout={[Function]}
              style={
                [
                  {
                    "flexDirection": "row",
                  },
                  null,
                ]
              }
            >
              <View
                style={
                  {
                    "width": 750,
                  }
                }
              >
                <Text>
                  Image 
                  2
                </Text>
              </View>
            </View>
            <View
              onFocusCapture={[Function]}
              onLayout={[Function]}
              style={
                [
                  {
                    "flexDirection": "row",
                  },
                  null,
                ]
              }
            >
              <View
                style={
                  {
                    "width": 750,
                  }
                }
              >
                <Text>
                  Image 
                  3
                </Text>
              </View>
            </View>
            <View
              onFocusCapture={[Function]}
              onLayout={[Function]}
              style={
                [
                  {
                    "flexDirection": "row",
                  },
                  null,
                ]
              }
            >
              <View
                style={
                  {
                    "width": 750,
                  }
                }
              >
                <Text>
                  Image 
                  4
                </Text>
              </View>
            </View>
            <View
              onFocusCapture={[Function]}
              onLayout={[Function]}
              style={
                [
                  {
                    "flexDirection": "row",
                  },
                  null,
                ]
              }
            >
              <View
                style={
                  {
                    "width": 750,
                  }
                }
              >
                <Text>
                  Image 
                  5
                </Text>
              </View>
            </View>
          </View>
        </RCTScrollView>
        <View
          accessibilityState={
            {
              "busy": undefined,
              "checked": undefined,
              "disabled": undefined,
              "expanded": undefined,
              "selected": undefined,
            }
          }
          accessibilityValue={
            {
              "max": undefined,
              "min": undefined,
              "now": undefined,
              "text": undefined,
            }
          }
          accessible={true}
          collapsable={false}
          focusable={true}
          onClick={[Function]}
          onResponderGrant={[Function]}
          onResponderMove={[Function]}
          onResponderRelease={[Function]}
          onResponderTerminate={[Function]}
          onResponderTerminationRequest={[Function]}
          onStartShouldSetResponder={[Function]}
          style={
            {
              "opacity": 1,
            }
          }
          testID="favorite-button-6"
        >
          <Text>
            Favorite
          </Text>
        </View>
      </View>
      <View
        testID="stay-component"
      >
        <Text>
          Bayern, Germany
        </Text>
        <RCTScrollView
          data={
            [
              "https://res.cloudinary.com/dtxze8vwn/image/upload/v1677938895/upload/yk36xc9txpamhheuxqh2.webp",
              "https://res.cloudinary.com/dtxze8vwn/image/upload/v1677939722/upload/ci9iwb8aoezzro1desld.jpg",
              "https://res.cloudinary.com/dtxze8vwn/image/upload/v1677938895/upload/pfpit6mcoe798hh3r8pf.webp",
              "https://res.cloudinary.com/dtxze8vwn/image/upload/v1677938896/upload/m6q1hovlweat1zvb5sf6.webp",
              "https://res.cloudinary.com/dtxze8vwn/image/upload/v1677938896/upload/fyenbpclzhxy9n4zsglt.webp",
            ]
          }
          getItem={[Function]}
          getItemCount={[Function]}
          horizontal={true}
          keyExtractor={[Function]}
          onContentSizeChange={[Function]}
          onLayout={[Function]}
          onMomentumScrollBegin={[Function]}
          onMomentumScrollEnd={[Function]}
          onScroll={[Function]}
          onScrollBeginDrag={[Function]}
          onScrollEndDrag={[Function]}
          pagingEnabled={true}
          removeClippedSubviews={false}
          renderItem={[Function]}
          scrollEventThrottle={16}
          stickyHeaderIndices={[]}
          testID="image-scroll-7"
          viewabilityConfigCallbackPairs={[]}
        >
          <View>
            <View
              onFocusCapture={[Function]}
              onLayout={[Function]}
              style={
                [
                  {
                    "flexDirection": "row",
                  },
                  null,
                ]
              }
            >
              <View
                style={
                  {
                    "width": 750,
                  }
                }
              >
                <Text>
                  Image 
                  1
                </Text>
              </View>
            </View>
            <View
              onFocusCapture={[Function]}
              onLayout={[Function]}
              style={
                [
                  {
                    "flexDirection": "row",
                  },
                  null,
                ]
              }
            >
              <View
                style={
                  {
                    "width": 750,
                  }
                }
              >
                <Text>
                  Image 
                  2
                </Text>
              </View>
            </View>
            <View
              onFocusCapture={[Function]}
              onLayout={[Function]}
              style={
                [
                  {
                    "flexDirection": "row",
                  },
                  null,
                ]
              }
            >
              <View
                style={
                  {
                    "width": 750,
                  }
                }
              >
                <Text>
                  Image 
                  3
                </Text>
              </View>
            </View>
            <View
              onFocusCapture={[Function]}
              onLayout={[Function]}
              style={
                [
                  {
                    "flexDirection": "row",
                  },
                  null,
                ]
              }
            >
              <View
                style={
                  {
                    "width": 750,
                  }
                }
              >
                <Text>
                  Image 
                  4
                </Text>
              </View>
            </View>
            <View
              onFocusCapture={[Function]}
              onLayout={[Function]}
              style={
                [
                  {
                    "flexDirection": "row",
                  },
                  null,
                ]
              }
            >
              <View
                style={
                  {
                    "width": 750,
                  }
                }
              >
                <Text>
                  Image 
                  5
                </Text>
              </View>
            </View>
          </View>
        </RCTScrollView>
        <View
          accessibilityState={
            {
              "busy": undefined,
              "checked": undefined,
              "disabled": undefined,
              "expanded": undefined,
              "selected": undefined,
            }
          }
          accessibilityValue={
            {
              "max": undefined,
              "min": undefined,
              "now": undefined,
              "text": undefined,
            }
          }
          accessible={true}
          collapsable={false}
          focusable={true}
          onClick={[Function]}
          onResponderGrant={[Function]}
          onResponderMove={[Function]}
          onResponderRelease={[Function]}
          onResponderTerminate={[Function]}
          onResponderTerminationRequest={[Function]}
          onStartShouldSetResponder={[Function]}
          style={
            {
              "opacity": 1,
            }
          }
          testID="favorite-button-7"
        >
          <Text>
            Favorite
          </Text>
        </View>
      </View>
      <View
        testID="stay-component"
      >
        <Text>
          Bangkok, Thailand
        </Text>
        <RCTScrollView
          data={
            [
              "https://res.cloudinary.com/dtxze8vwn/image/upload/v1677939722/upload/oib9btodfulkeedx1waq.jpg",
              "https://res.cloudinary.com/dtxze8vwn/image/upload/v1677938895/upload/edtalg3eyh1mghn2qf1j.webp",
              "https://res.cloudinary.com/dtxze8vwn/image/upload/v1677938895/upload/wwlqxyvaj7x93m1qbows.webp",
              "https://res.cloudinary.com/dtxze8vwn/image/upload/v1677938895/upload/ognjk7gfqkxhhym9fu8b.webp",
              "https://res.cloudinary.com/dtxze8vwn/image/upload/v1677938895/upload/atenel1fqmexaomvalpz.webp",
            ]
          }
          getItem={[Function]}
          getItemCount={[Function]}
          horizontal={true}
          keyExtractor={[Function]}
          onContentSizeChange={[Function]}
          onLayout={[Function]}
          onMomentumScrollBegin={[Function]}
          onMomentumScrollEnd={[Function]}
          onScroll={[Function]}
          onScrollBeginDrag={[Function]}
          onScrollEndDrag={[Function]}
          pagingEnabled={true}
          removeClippedSubviews={false}
          renderItem={[Function]}
          scrollEventThrottle={16}
          stickyHeaderIndices={[]}
          testID="image-scroll-8"
          viewabilityConfigCallbackPairs={[]}
        >
          <View>
            <View
              onFocusCapture={[Function]}
              onLayout={[Function]}
              style={
                [
                  {
                    "flexDirection": "row",
                  },
                  null,
                ]
              }
            >
              <View
                style={
                  {
                    "width": 750,
                  }
                }
              >
                <Text>
                  Image 
                  1
                </Text>
              </View>
            </View>
            <View
              onFocusCapture={[Function]}
              onLayout={[Function]}
              style={
                [
                  {
                    "flexDirection": "row",
                  },
                  null,
                ]
              }
            >
              <View
                style={
                  {
                    "width": 750,
                  }
                }
              >
                <Text>
                  Image 
                  2
                </Text>
              </View>
            </View>
            <View
              onFocusCapture={[Function]}
              onLayout={[Function]}
              style={
                [
                  {
                    "flexDirection": "row",
                  },
                  null,
                ]
              }
            >
              <View
                style={
                  {
                    "width": 750,
                  }
                }
              >
                <Text>
                  Image 
                  3
                </Text>
              </View>
            </View>
            <View
              onFocusCapture={[Function]}
              onLayout={[Function]}
              style={
                [
                  {
                    "flexDirection": "row",
                  },
                  null,
                ]
              }
            >
              <View
                style={
                  {
                    "width": 750,
                  }
                }
              >
                <Text>
                  Image 
                  4
                </Text>
              </View>
            </View>
            <View
              onFocusCapture={[Function]}
              onLayout={[Function]}
              style={
                [
                  {
                    "flexDirection": "row",
                  },
                  null,
                ]
              }
            >
              <View
                style={
                  {
                    "width": 750,
                  }
                }
              >
                <Text>
                  Image 
                  5
                </Text>
              </View>
            </View>
          </View>
        </RCTScrollView>
        <View
          accessibilityState={
            {
              "busy": undefined,
              "checked": undefined,
              "disabled": undefined,
              "expanded": undefined,
              "selected": undefined,
            }
          }
          accessibilityValue={
            {
              "max": undefined,
              "min": undefined,
              "now": undefined,
              "text": undefined,
            }
          }
          accessible={true}
          collapsable={false}
          focusable={true}
          onClick={[Function]}
          onResponderGrant={[Function]}
          onResponderMove={[Function]}
          onResponderRelease={[Function]}
          onResponderTerminate={[Function]}
          onResponderTerminationRequest={[Function]}
          onStartShouldSetResponder={[Function]}
          style={
            {
              "opacity": 1,
            }
          }
          testID="favorite-button-8"
        >
          <Text>
            Favorite
          </Text>
        </View>
      </View>
      <View
        testID="stay-component"
      >
        <Text>
          Oslo, Norway
        </Text>
        <RCTScrollView
          data={
            [
              "https://res.cloudinary.com/dtxze8vwn/image/upload/v1677938895/upload/fyenbpclzhxy9n4zsglt.webp",
              "https://res.cloudinary.com/dtxze8vwn/image/upload/v1677938895/upload/eocmtcw0gzlloomdpvtq.webp",
              "https://res.cloudinary.com/dtxze8vwn/image/upload/v1677938896/upload/xn3fkin9o1bexstjsjxo.webp",
              "https://res.cloudinary.com/dtxze8vwn/image/upload/v1661101233/cld-sample-2.jpg",
              "https://res.cloudinary.com/dtxze8vwn/image/upload/v1661166924/upload/gtp8mtrpkurqbmpat2ce.jpg",
            ]
          }
          getItem={[Function]}
          getItemCount={[Function]}
          horizontal={true}
          keyExtractor={[Function]}
          onContentSizeChange={[Function]}
          onLayout={[Function]}
          onMomentumScrollBegin={[Function]}
          onMomentumScrollEnd={[Function]}
          onScroll={[Function]}
          onScrollBeginDrag={[Function]}
          onScrollEndDrag={[Function]}
          pagingEnabled={true}
          removeClippedSubviews={false}
          renderItem={[Function]}
          scrollEventThrottle={16}
          stickyHeaderIndices={[]}
          testID="image-scroll-9"
          viewabilityConfigCallbackPairs={[]}
        >
          <View>
            <View
              onFocusCapture={[Function]}
              onLayout={[Function]}
              style={
                [
                  {
                    "flexDirection": "row",
                  },
                  null,
                ]
              }
            >
              <View
                style={
                  {
                    "width": 750,
                  }
                }
              >
                <Text>
                  Image 
                  1
                </Text>
              </View>
            </View>
            <View
              onFocusCapture={[Function]}
              onLayout={[Function]}
              style={
                [
                  {
                    "flexDirection": "row",
                  },
                  null,
                ]
              }
            >
              <View
                style={
                  {
                    "width": 750,
                  }
                }
              >
                <Text>
                  Image 
                  2
                </Text>
              </View>
            </View>
            <View
              onFocusCapture={[Function]}
              onLayout={[Function]}
              style={
                [
                  {
                    "flexDirection": "row",
                  },
                  null,
                ]
              }
            >
              <View
                style={
                  {
                    "width": 750,
                  }
                }
              >
                <Text>
                  Image 
                  3
                </Text>
              </View>
            </View>
            <View
              onFocusCapture={[Function]}
              onLayout={[Function]}
              style={
                [
                  {
                    "flexDirection": "row",
                  },
                  null,
                ]
              }
            >
              <View
                style={
                  {
                    "width": 750,
                  }
                }
              >
                <Text>
                  Image 
                  4
                </Text>
              </View>
            </View>
            <View
              onFocusCapture={[Function]}
              onLayout={[Function]}
              style={
                [
                  {
                    "flexDirection": "row",
                  },
                  null,
                ]
              }
            >
              <View
                style={
                  {
                    "width": 750,
                  }
                }
              >
                <Text>
                  Image 
                  5
                </Text>
              </View>
            </View>
          </View>
        </RCTScrollView>
        <View
          accessibilityState={
            {
              "busy": undefined,
              "checked": undefined,
              "disabled": undefined,
              "expanded": undefined,
              "selected": undefined,
            }
          }
          accessibilityValue={
            {
              "max": undefined,
              "min": undefined,
              "now": undefined,
              "text": undefined,
            }
          }
          accessible={true}
          collapsable={false}
          focusable={true}
          onClick={[Function]}
          onResponderGrant={[Function]}
          onResponderMove={[Function]}
          onResponderRelease={[Function]}
          onResponderTerminate={[Function]}
          onResponderTerminationRequest={[Function]}
          onStartShouldSetResponder={[Function]}
          style={
            {
              "opacity": 1,
            }
          }
          testID="favorite-button-9"
        >
          <Text>
            Favorite
          </Text>
        </View>
      </View>
    </View>
  </View>
</RCTSafeAreaView>
`;
